// Jest Snapshot v1, https://goo.gl/fbAQLP

exports[`Testing Destinations component Test 1`] = `ShallowWrapper {}`;
